../Core/Src/main.c:86:5:main	8	static
../Core/Src/main.c:165:6:SystemClock_Config	88	static
../Core/Src/main.c:209:13:MX_ADC1_Init	24	static
../Core/Src/main.c:256:13:MX_TIM2_Init	32	static
../Core/Src/main.c:301:13:MX_TIM3_Init	48	static
../Core/Src/main.c:350:13:MX_USART1_UART_Init	8	static
../Core/Src/main.c:383:13:MX_GPIO_Init	32	static
../Core/Src/main.c:422:6:HAL_TIM_PWM_PulseFinishedCallback	16	static
../Core/Src/main.c:451:6:HAL_ADC_ConvCpltCallback	16	static
../Core/Src/main.c:496:6:Error_Handler	4	static,ignoring_inline_asm
