../Core/Src/main.c:90:5:main	8	static
../Core/Src/main.c:192:6:SystemClock_Config	72	static
../Core/Src/main.c:229:13:MX_TIM1_Init	96	static
../Core/Src/main.c:304:13:MX_TIM2_Init	32	static
../Core/Src/main.c:349:13:MX_USART1_UART_Init	8	static
../Core/Src/main.c:382:13:MX_GPIO_Init	40	static
../Core/Src/main.c:438:6:HAL_TIM_PWM_PulseFinishedCallback	16	static
../Core/Src/main.c:452:6:HAL_TIM_PeriodElapsedCallback	16	static
../Core/Src/main.c:469:6:HAL_GPIO_EXTI_Callback	16	static
../Core/Src/main.c:503:6:HAL_UART_RxCpltCallback	16	static
../Core/Src/main.c:528:6:mode3	8	static
../Core/Src/main.c:537:6:mode1	24	static
../Core/Src/main.c:545:6:setdelay	16	static
../Core/Src/main.c:556:6:Error_Handler	4	static,ignoring_inline_asm
